npm warn Unknown env config "http-proxy". This will stop working in the next major version of npm.

> traffic-optimizer@0.1.0 check
> npm run typecheck && npm test && npm run test:db && npm run build && npm run test:budget

npm warn Unknown env config "http-proxy". This will stop working in the next major version of npm.

> traffic-optimizer@0.1.0 typecheck
> tsc --noEmit

npm warn Unknown env config "http-proxy". This will stop working in the next major version of npm.

> traffic-optimizer@0.1.0 test
> vitest run tests/unit.test.ts tests/ui.test.tsx


 RUN  v5.0.3 /workspace/scratch/ae02d32e526b/traffic-optimizer


 Test Files  2 passed (2)
      Tests  28 passed (28)
   Start at  18:19:22
   Duration  3.34s (tests 65%, environment 16%, import 11%, transform 8%)

npm warn Unknown env config "http-proxy". This will stop working in the next major version of npm.

> traffic-optimizer@0.1.0 test:db
> node tests/database.mjs

PASS: migration, auth trigger, role protection, cross-user isolation, route cap, consent, private queue, deletion cascade.
npm warn Unknown env config "http-proxy". This will stop working in the next major version of npm.

> traffic-optimizer@0.1.0 build
> vite build

vite v8.3.2 building client environment for production...
transforming...
✓ 2068 modules transformed.
rendering chunks...
computing gzip size...
dist/index.html                        0.64 kB │ gzip:   0.40 kB
dist/assets/index-ChAYYCD_.css        78.97 kB │ gzip:  13.19 kB
dist/assets/index-Bk8_k421.js        834.35 kB │ gzip: 239.91 kB
dist/assets/mapbox-gl-_e2UOk8P.js  1,861.68 kB │ gzip: 517.20 kB

[plugin builtin:vite-reporter] 
(!) Some chunks are larger than 1600 kB after minification. Consider:
- Using dynamic import() to code-split the application
- Use build.rolldownOptions.output.codeSplitting to improve chunking: https://rolldown.rs/reference/OutputOptions.codeSplitting
- Adjust chunk size limit for this warning via build.chunkSizeWarningLimit.
✓ built in 761ms
npm warn Unknown env config "http-proxy". This will stop working in the next major version of npm.

> traffic-optimizer@0.1.0 test:budget
> npm run worker:build && node tests/budget.mjs

npm warn Unknown env config "http-proxy". This will stop working in the next major version of npm.

> traffic-optimizer@0.1.0 worker:build
> WRANGLER_SEND_METRICS=false wrangler deploy --dry-run --outdir artifacts/worker

[33m▲ [43;33m[[43;30mWARNING[43;33m][0m [1mProxy environment variables detected. We'll use your proxy for fetch requests.[0m



 ⛅️ wrangler 4.147.0
────────────────────
✨ Read 11 files from the assets directory /workspace/scratch/ae02d32e526b/traffic-optimizer/dist
Total Upload: 419.27 KiB / gzip: 90.13 KiB
Your Worker has access to the following bindings:
Binding                                                                        Resource                  
env.BUDGET (BudgetLedger)                                                      Durable Object            
env.ASSETS                                                                     Assets                    
env.APP_MODE ("live")                                                          Environment Variable      
env.PUBLIC_BETA ("true")                                                       Environment Variable      
env.GOOGLE_ENABLED ("false")                                                   Environment Variable      
env.SUPABASE_URL ("https://bdxwyehnqwylvgoxyhhx.supabase...")                  Environment Variable      
env.SUPABASE_PUBLISHABLE_KEY ("sb_publishable_eoBWdOGrkMVk-u0YyD1kTQ...")      Environment Variable      
env.VAPID_PUBLIC_KEY ("BACi_pL32HK14K6l16dK7kKpgYTzlJPhWGEHm...")              Environment Variable      
env.VAPID_SUBJECT ("mailto:mohammadwajdi01@gmail.com")                         Environment Variable      
env.TURNSTILE_SITE_KEY ("0x4AAAAAAFObAaonWURNpgjK")                            Environment Variable      

--dry-run: exiting now.
PASS: real Durable Object concurrent reservations, free cap, paid budget, disabled provider, guest quota, health, owner access, cross-origin denial.
